host: zeldajr
python: /home/cymaxwelllee/venvs/lacot-rocm/bin/python
Python 3.12.3
sigma_xy=0.1 tag=sigma0.1 extra_args=
rocm-smi 摘要：


============================ ROCm System Management Interface ============================
=========================================== ID ===========================================
GPU[0]		: Device Name: 		Navi 48 [Radeon AI PRO R9700]
GPU[0]		: Device ID: 		0x7551
GPU[0]		: Device Rev: 		0xc0
GPU[0]		: Subsystem ID: 	0x5413
GPU[0]		: GUID: 		51067
==========================================================================================
================================== End of ROCm SMI Log ===================================
GPU: AMD Radeon Graphics  count=1
=== robust-decoder fine-tune  tag=sigma0.1  sigma_xy=0.1  steps=20000  seed=20261009  device=cuda ===
噪音校準參考點（一手來源：/home/cymaxwelllee/Projects/lacot/experiments/walk_verify/drift_analysis/results/drift_summary.json）：{'fail_threshold_m': 0.23523661929341885, 'succ_leg_start_p75_m': 0.357982619350346, 'fail_leg_start_median_m': 1.1831176980018214}
segments total=250000 train=225000 val=25000
REPRO CHECK obs stats（重算 vs ckpt buffer）：mean PASS  std PASS  (max|Δmean|=0.00e+00  max|Δstd|=0.00e+00)
decoder trainable params = 302624（encoder frozen, vq codebook frozen）
xy_std_ref(train, mean of obs_std[0:2])=5.5559  rho=sigma_xy/xy_std_ref=0.01800
noise_std[xy]=[0.10000000149011612, 0.10000000149011612]
noise_std[other 27 dims] p25/50/75=[0.005031819920986891, 0.01334589533507824, 0.029711030423641205]
  step      0 train_recon(noisy,batch)=0.09587 val_mse_noisy=0.10792 val_mse_clean=0.10783 (0s)
  step   2500 train_recon(noisy,batch)=0.09052 val_mse_noisy=0.10514 val_mse_clean=0.10504 (4s)
  step   5000 train_recon(noisy,batch)=0.09675 val_mse_noisy=0.10526 val_mse_clean=0.10516 (8s)
  step   7500 train_recon(noisy,batch)=0.09139 val_mse_noisy=0.10523 val_mse_clean=0.10513 (11s)
  step  10000 train_recon(noisy,batch)=0.09354 val_mse_noisy=0.10515 val_mse_clean=0.10504 (15s)
  step  12500 train_recon(noisy,batch)=0.08877 val_mse_noisy=0.10510 val_mse_clean=0.10500 (19s)
  step  15000 train_recon(noisy,batch)=0.09202 val_mse_noisy=0.10512 val_mse_clean=0.10501 (23s)
  step  17500 train_recon(noisy,batch)=0.09118 val_mse_noisy=0.10521 val_mse_clean=0.10511 (26s)
  step  19999 train_recon(noisy,batch)=0.09377 val_mse_noisy=0.10527 val_mse_clean=0.10517 (30s)
loss-flatness（val_mse_noisy）：late-8pt mean=0.10518 vs prev-8pt mean=0.10520  rel_improve=0.02%  flat(<2%)=True
saved: /home/cymaxwelllee/Projects/lacot/experiments/robust_decoder/results/train_sigma0.1.json
saved: /home/cymaxwelllee/Projects/lacot/experiments/robust_decoder/results/loss_sigma0.1.png
saved: /home/cymaxwelllee/Projects/lacot/experiments/robust_decoder/results/ckpt_sigma0.1.pt
=== done sigma0.1 wall=32.4s ===
