host: zeldajr
python: /home/cymaxwelllee/venvs/lacot-rocm/bin/python
Python 3.12.3
sigma_xy=0.0 tag=sigma0 extra_args=
rocm-smi 摘要：


============================ ROCm System Management Interface ============================
=========================================== ID ===========================================
GPU[0]		: Device Name: 		Navi 48 [Radeon AI PRO R9700]
GPU[0]		: Device ID: 		0x7551
GPU[0]		: Device Rev: 		0xc0
GPU[0]		: Subsystem ID: 	0x5413
GPU[0]		: GUID: 		8034
==========================================================================================
================================== End of ROCm SMI Log ===================================
GPU: AMD Radeon Graphics  count=1
=== robust-decoder fine-tune  tag=sigma0  sigma_xy=0.0  steps=20000  seed=20260909  device=cuda ===
噪音校準參考點（一手來源：/home/cymaxwelllee/Projects/lacot/experiments/walk_verify/drift_analysis/results/drift_summary.json）：{'fail_threshold_m': 0.23523661929341885, 'succ_leg_start_p75_m': 0.357982619350346, 'fail_leg_start_median_m': 1.1831176980018214}
segments total=250000 train=225000 val=25000
REPRO CHECK obs stats（重算 vs ckpt buffer）：mean PASS  std PASS  (max|Δmean|=0.00e+00  max|Δstd|=0.00e+00)
decoder trainable params = 302624（encoder frozen, vq codebook frozen）
xy_std_ref(train, mean of obs_std[0:2])=5.5559  rho=sigma_xy/xy_std_ref=0.00000
noise_std[xy]=[0.0, 0.0]
noise_std[other 27 dims] p25/50/75=[0.0, 0.0, 0.0]
  step      0 train_recon(noisy,batch)=0.09535 val_mse_noisy=0.10778 val_mse_clean=0.10778 (0s)
  step   2500 train_recon(noisy,batch)=0.09437 val_mse_noisy=0.10509 val_mse_clean=0.10509 (4s)
  step   5000 train_recon(noisy,batch)=0.09050 val_mse_noisy=0.10497 val_mse_clean=0.10497 (8s)
  step   7500 train_recon(noisy,batch)=0.09303 val_mse_noisy=0.10520 val_mse_clean=0.10520 (11s)
  step  10000 train_recon(noisy,batch)=0.09326 val_mse_noisy=0.10508 val_mse_clean=0.10508 (15s)
  step  12500 train_recon(noisy,batch)=0.09378 val_mse_noisy=0.10511 val_mse_clean=0.10511 (19s)
  step  15000 train_recon(noisy,batch)=0.09772 val_mse_noisy=0.10504 val_mse_clean=0.10504 (23s)
  step  17500 train_recon(noisy,batch)=0.09338 val_mse_noisy=0.10508 val_mse_clean=0.10508 (26s)
  step  19999 train_recon(noisy,batch)=0.09228 val_mse_noisy=0.10513 val_mse_clean=0.10513 (30s)
loss-flatness（val_mse_noisy）：late-8pt mean=0.10502 vs prev-8pt mean=0.10504  rel_improve=0.02%  flat(<2%)=True
saved: /home/cymaxwelllee/Projects/lacot/experiments/robust_decoder/results/train_sigma0.json
saved: /home/cymaxwelllee/Projects/lacot/experiments/robust_decoder/results/loss_sigma0.png
saved: /home/cymaxwelllee/Projects/lacot/experiments/robust_decoder/results/ckpt_sigma0.pt
=== done sigma0 wall=32.2s ===
