host: zeldajr
python: /home/cymaxwelllee/Projects/lacot/.venv/bin/python
Python 3.11.15
=== shat_probe  ckpt=/home/cymaxwelllee/Projects/lacot/experiments/bcodec_v0/ckpt/G32K32_lam0p0.pt  tag=bcodec_shat_g32k32 ===
dict: G=32 K=32 D=8 lam_s=0.0（本工單只用 λ0 顆，字典凍住）  obs_dim=29 act_dim=8 seg_len=4
segments: n_total=250000  n_train=225000  n_val=25000  split_seed=42  val_frac=0.1
  step=     0  train_mse=1.003113
  step=  1000  train_mse=0.202722
  step=  2000  train_mse=0.172516
  step=  3000  train_mse=0.160503
  step=  4000  train_mse=0.145200
  step=  5000  train_mse=0.140995
  step=  6000  train_mse=0.130245
  step=  7000  train_mse=0.133941
  step=  8000  train_mse=0.119948
  step=  9000  train_mse=0.118365
  step= 10000  train_mse=0.119856
  step= 11000  train_mse=0.112595
  step= 12000  train_mse=0.107876
  step= 13000  train_mse=0.109232
  step= 14000  train_mse=0.109263
  step= 15000  train_mse=0.104526
  step= 16000  train_mse=0.108033
  step= 17000  train_mse=0.102853
  step= 18000  train_mse=0.102179
  step= 19000  train_mse=0.101440
  step= 19999  train_mse=0.103817

=== 結果 ===
(real) val ŝ MSE (外掛頭，正確配對)     = 0.100092
(a)    λ1 自帶頭 ŝ MSE（參照上界，讀檔） = 0.024077  (ratio real/lambda1 = 4.157, 越接近1越好)
(b)    爛錨 control ŝ MSE（碼打亂）       = 0.635261  (ratio bad/real = 6.347, 越大越好，[拍]門檻=2.0)
判定：假說部分成立或不成立（外掛頭遠優於爛錨，但離λ1自帶頭有距離，見數字，人工判讀）
saved: /home/cymaxwelllee/Projects/lacot/experiments/bcodec_shat_probe/results/bcodec_shat_g32k32_summary.json
=== done wall=33.8s ===
