== host: zeldajr  job: 26820  cpus: 8 ==
=== teacher-relay-g16k16  ckpt=G16_K16.pt n_traj=200 n_anchor=20 seed=20260908 anchor_seed=20260909 rho=1.875 DELTA_SUB=7.5 ===
dict: G=16 K=16 group_dim=8 seg_len=4 hidden=512 split_seed=42 val_frac=0.1 ckpt_train_seed=36016
obs_mu[:2]=[ 9.433684 10.237041]（核對 MAZE_CENTER=(9.42, 10.24)）
[驗收①] train/val 切分重建：n_train=225000 n_val=25000 （G16_K16.json 記錄 n_train=225000 n_val=25000，來源=/home/cymaxwelllee/Projects/lacot/experiments/gk_scan/results/G16_K16.json）
[驗收①] 3 個 train 段（seg_starts=[941841, 468362, 437126]）：per-sample MSE=[0.014239954762160778, 0.008807552978396416, 0.01424504816532135]  mean=0.01243
[驗收①] 對照 /home/cymaxwelllee/Projects/lacot/experiments/gk_scan/results/G16_K16.json 記錄 val MSE=0.015289（NOTE 表列 0.01529），train MSE=0.014366 —— 同量級
[驗收①-加驗，非工單硬性項] 整個 val 切分（25000 段）重建 MSE=0.015289 vs JSON 記錄 0.015289（差=0.00e+00）—— 吻合，載入正確
tasks: 200 usable (要求 >= 200)  skipped=1
  ⛔ skip episode=386 arclen=3.362 reason=arclen<DELTA_SUB
waypoints per task: min=1 p50=3 max=4 total_legs_available=595

[驗收②-爛錨] n_tasks=20  per-leg 不限時到達率=0.0476 (reached 1/21)  completion_ratio=0.000
[驗收②] 爛錨 per-leg=0.0476 < 0.3 —— 管線自檢通過，繼續主結果

[schedule/g16k16] done in 13.2s  completion_ratio=0.070  per-leg untimed=0.4973 (reached 184/370)  speed_p50=0.1034  fall(step)=0.057%  adiff_p50=1.720
           選字使用率（G=16 組 K=16，跨組平均）：mean active=16.0/16 (min=16 max=16)  mean perplexity=14.91/16  mean top1=11.2%

=== per-leg 限時到達率（schedule/g16k16）===
  N=N_data   1.25N=37.8% (n=360)  1.5N=41.5% (n=354)  not_evaluable=16
  N=N_table  1.25N=11.0% (n=365)  1.5N=20.3% (n=364)  not_evaluable=6

=== 對照 K32（一手來源：/home/cymaxwelllee/Projects/lacot/experiments/walk_verify/teacher_relay/results/teacher_relay_summary.json）===
K32[schedule]     per-leg 不限時到達率 = 0.5536  完整走完比例 = 0.125
G16K16[schedule]  per-leg 不限時到達率 = 0.4973  完整走完比例 = 0.070
Δ = -0.0563  判準 |Δ|<=0.07 => 打平（G16K16 以更高容量打平，續留換裝候選）
對照行（沿用 K32 對照，一手引用非本次量測）：{'greedy': 0.063, 'main_head': 0.32, 'lo_head': 0.124}
saved: /home/cymaxwelllee/Projects/lacot/experiments/walk_verify/teacher_relay_g16k16/results/teacher_relay_g16k16_speed_overlay.png
saved: /home/cymaxwelllee/Projects/lacot/experiments/walk_verify/teacher_relay_g16k16/results/teacher_relay_g16k16_z_overlay.png
saved: /home/cymaxwelllee/Projects/lacot/experiments/walk_verify/teacher_relay_g16k16/results/teacher_relay_g16k16_adiff_overlay.png
saved gif: /home/cymaxwelllee/Projects/lacot/experiments/walk_verify/teacher_relay_g16k16/results/gifs/schedule_success_ep423.gif (18 幀, episode=423, legs 2/2)
saved gif: /home/cymaxwelllee/Projects/lacot/experiments/walk_verify/teacher_relay_g16k16/results/gifs/schedule_fail_ep319.gif (50 幀, episode=319, legs 1/3)
saved: /home/cymaxwelllee/Projects/lacot/experiments/walk_verify/teacher_relay_g16k16/results/teacher_relay_g16k16_summary.json
saved: /home/cymaxwelllee/Projects/lacot/experiments/walk_verify/teacher_relay_g16k16/results/teacher_relay_g16k16_raw.npz
=== done wall=19.5s ===
=== sbatch script exit code: 0 ===
