=== 主表：{2刀(引用), 4刀, 8刀} x 3 seed x {R8, inf} ===
        cuts       seed |       R8 |     Rinf
---------------------------------------------
       2(引用)   20260909 |   0.6899 |   0.5900
       2(引用)   20260910 |   0.6651 |   0.5337
       2(引用)   20260911 |   0.6368 |   0.5931
           4   20260909 |   0.6744 |   0.5263
           4   20260910 |   0.6720 |   0.5527
           4   20260911 |   0.6951 |   0.5875
           8   20260909 |   0.6104 |   0.4874
           8   20260910 |   0.6636 |   0.5305
           8   20260911 |   0.6986 |   0.5714

=== 均值 / 散佈（sample std ddof=1；population std ddof=0；max-min）===
       2刀(引用)_R8: mean=0.6639  sample_std=0.0266  pop_std=0.0217  range(max-min)=0.0531  [0.6368,0.6899]  (工單引用)
     2刀(引用)_Rinf: mean=0.5723  sample_std=0.0334  pop_std=0.0273  range(max-min)=0.0594  [0.5337,0.5931]  (工單引用)
           4刀_R8: mean=0.6805  sample_std=0.0127  pop_std=0.0103  range(max-min)=0.0230  [0.6720,0.6951]  (本次量測)
         4刀_Rinf: mean=0.5555  sample_std=0.0307  pop_std=0.0251  range(max-min)=0.0612  [0.5263,0.5875]  (本次量測)
           8刀_R8: mean=0.6575  sample_std=0.0444  pop_std=0.0363  range(max-min)=0.0882  [0.6104,0.6986]  (本次量測)
         8刀_Rinf: mean=0.5298  sample_std=0.0420  pop_std=0.0343  range(max-min)=0.0840  [0.4874,0.5714]  (本次量測)

=== 自檢：2 刀版引用數字重算核對（驗證我方法跟工單給的口徑一致，才敢套用到新數字）===
  工單給：mean=.6639  std約.026  range約.637~.690
  本檔重算：mean=0.6639  sample_std(ddof=1)=0.0266  pop_std(ddof=0)=0.0217  range=[0.6368,0.6899]
  mean 對得上: True   sample_std(ddof=1) 對得上 std約.026: True  (工單的 std約.026 對應 sample std ddof=1 口徑，不是 population std ddof=0，後者算出來是 0.0217——本檔後續一律用 sample_std ddof=1 跟工單口徑對齊)

=== 判準(1) 更好：R8 3-seed 均值 - 2刀版.6639，差 >=.02 才算方向清楚 ===
  4刀: mean=0.6805  diff(vs 2刀)=+0.0166  FAIL(沒有清楚變好)
  8刀: mean=0.6575  diff(vs 2刀)=-0.0064  FAIL(沒有清楚變好)

=== 判準(2) 更穩：R8 散佈(std/range) 比 2刀版(std=0.0266, range=0.0531) 明顯縮小（本檔自訂門檻：縮到<=70%）===
  4刀: std=0.0127(比值0.48)  range=0.0230(比值0.43)  PASS(明顯縮小)  [門檻<=70%為本檔自訂，非工單既有數字]
  8刀: std=0.0444(比值1.67)  range=0.0882(比值1.66)  FAIL(沒有明顯縮小)  [門檻<=70%為本檔自訂，非工單既有數字]

=== 三選一判讀（每個 n_cuts 各自判一次，任一判準成立即為「有價值的答案」）===
  4刀 vs 2刀: 更穩（判準2成立，判準1不成立）
  8刀 vs 2刀: 2刀已夠、加碼無益（兩條判準都不成立）

saved: /home/cymaxwelllee/Projects/lacot-rewrite/experiments/gen_sft/results/cuts_sweep_analysis.json
