=== build_corpus_aug: 讀既有語料 /home/cymaxwelllee/Projects/lacot-rewrite/experiments/gen_sft/results/corpus_v1.pt ===
loaded: n_train=4457 n_val=495 n_total=4952  build_tasks_seed(meta)=0  split_seed(meta)=42
rebuilt tasks（僅為取 wp_local_idx）: 4952 usable  skipped=48  n_ep(raw)=5000

自檢①（wp_xy 逐位元比對，全部 4952 集）：PASS 0 mismatches

增強子樣本 ledger（cut_seed=20260909 n_cuts=2 avoid_last=4）:
  n_episodes = 4952
  n_episodes_zero_candidates = 0
  n_episodes_lt_n_cuts = 0
  n_cuts_drawn_total = 9904
  n_subsamples_created = 8706
  n_subsamples_skipped_zero_remaining_wp = 1198

樣本數帳：原始樣本=4952  子樣本=8706  混合後總計=13658

split(episode-level, split_seed=42): {'split_seed': 42, 'val_frac': 0.1, 'n_train_episodes': 4457, 'n_val_episodes': 495, 'n_train': 12293, 'n_val': 1365}

自檢②（episode 級切分跟 corpus_v1.pt 原本切分逐集比對）：PASS 完全相同

=== 驗收①自檢：5 個子樣本 vs 母 episode 完整字串後綴 + 條件 obs 位元一致 ===
  episode=  530 cut_chunk=19/50  code_seq len=31 (parent len=50): PASS bit-exact suffix   s0_obs: PASS bit-exact (L2=0.00000000)   M=2 (parent M=3)
  episode=  360 cut_chunk=23/50  code_seq len=27 (parent len=50): PASS bit-exact suffix   s0_obs: PASS bit-exact (L2=0.00000000)   M=2 (parent M=3)
  episode= 1960 cut_chunk=36/50  code_seq len=14 (parent len=50): PASS bit-exact suffix   s0_obs: PASS bit-exact (L2=0.00000000)   M=1 (parent M=3)
  episode= 3383 cut_chunk= 6/50  code_seq len=44 (parent len=50): PASS bit-exact suffix   s0_obs: PASS bit-exact (L2=0.00000000)   M=3 (parent M=3)
  episode= 2128 cut_chunk=18/50  code_seq len=32 (parent len=50): PASS bit-exact suffix   s0_obs: PASS bit-exact (L2=0.00000000)   M=2 (parent M=3)
驗收①自檢：5/5 PASS
Traceback (most recent call last):
  File "/home/cymaxwelllee/Projects/lacot-rewrite/experiments/gen_sft/build_corpus_aug.py", line 164, in <module>
    main()
  File "/home/cymaxwelllee/Projects/lacot-rewrite/experiments/gen_sft/build_corpus_aug.py", line 144, in main
    meta=dict(**{k: v for k, v in orig_meta.items()},
         ^^^^^^^^^^^^^^^^^^^^^^^^^^^^^^^^^^^^^^^^^^^^
TypeError: dict() got multiple values for keyword argument 'built_at'
