worktree: rewrite-dyn 730db5b2306647ae598e9e238874f89a7a783867
node: zeldajr  corpus=/home/cymaxwelllee/Projects/lacot-dyn/experiments/gen_sft/results/corpus_dyn_v1.pt seed=20260911 steps=30000 tag=gensft_dyn_pert_s20260911 batch=256 perturb=1
env(visible/gpu): CUDA_VISIBLE_DEVICES=0 GPU_DEVICE_ORDINAL=0 ROCR_VISIBLE_DEVICES=0 SLURM_GPUS_ON_NODE=1 SLURM_JOB_GPUS=3 


============================ ROCm System Management Interface ============================
====================================== Product Info ======================================
GPU[0]		: Card Series: 		Navi 48 [Radeon AI PRO R9700]
GPU[0]		: Card Model: 		0x7551
torch.cuda.is_available()=True on attempt 1
[gpu-visibility guard] CUDA_VISIBLE_DEVICES='0' HIP_VISIBLE_DEVICES=None is_available(before importing gen_sft_common)=True
[gpu-visibility guard] CUDA_VISIBLE_DEVICES='0' HIP_VISIBLE_DEVICES='' is_available(before importing gen_sft_common)=True
[gpu-visibility guard] HIP_VISIBLE_DEVICES(after importing gen_sft_common)=''  is_available(cached)=True
[gpu-visibility guard] HIP_VISIBLE_DEVICES(after importing gen_sft_common)=''  is_available(cached)=True
corpus(dyn): n_train_episodes=4457  use_full_prob=0.5  dyn_cut_seed=20260909  perturb=True  perturb_seed=20260912  (訓練 seed=20260911 只管權重初始化/batch-order)
perturb_cfg: xy_sigma=0.311195  other_coef=0.005  (drift_source=/home/cymaxwelllee/Projects/lacot/experiments/walk_verify/drift_analysis/results/drift_summary.json  target_p75=0.357983)
held-out（沿用 corpus_aug_v1.pt 的 val split）: n_val=1365  ⚠️ 跟 antmaze -val.npz 的 200 題接力 eval 是兩件事
model: d_model=128 n_layers=3 n_heads=4 n_params=620577
  step=    0  loss=3.6635  ema=3.6635  lr=1.20e-06
  step=   20  loss=3.6530  ema=3.6598  lr=1.32e-05
  step=   40  loss=3.6008  ema=3.6469  lr=2.52e-05
  step=   60  loss=3.5471  ema=3.6229  lr=3.72e-05
  step=   80  loss=3.5011  ema=3.5904  lr=4.92e-05
  step=  100  loss=3.4589  ema=3.5531  lr=6.12e-05
  step=  120  loss=3.4081  ema=3.5125  lr=7.32e-05
  step=  140  loss=3.3190  ema=3.4648  lr=8.52e-05
  step=  160  loss=3.2205  ema=3.4017  lr=9.72e-05
  step=  180  loss=3.1223  ema=3.3228  lr=1.09e-04
  step=  200  loss=3.0672  ema=3.2447  lr=1.21e-04
  step=  220  loss=3.0300  ema=3.1737  lr=1.33e-04
  step=  240  loss=2.9777  ema=3.1168  lr=1.45e-04
  step=  260  loss=2.9469  ema=3.0688  lr=1.57e-04
  step=  280  loss=2.9424  ema=3.0316  lr=1.69e-04
  step=  300  loss=2.9052  ema=2.9986  lr=1.81e-04
  step=  320  loss=2.9249  ema=2.9710  lr=1.93e-04
  step=  340  loss=2.8885  ema=2.9460  lr=2.05e-04
  step=  360  loss=2.8937  ema=2.9255  lr=2.17e-04
  step=  380  loss=2.8975  ema=2.9088  lr=2.29e-04
  step=  400  loss=2.8553  ema=2.8914  lr=2.41e-04
  step=  420  loss=2.8667  ema=2.8767  lr=2.53e-04
  step=  440  loss=2.8394  ema=2.8632  lr=2.65e-04
  step=  460  loss=2.7990  ema=2.8508  lr=2.77e-04
  step=  480  loss=2.8342  ema=2.8386  lr=2.89e-04
[eval step=   500] train_loss(ema)=2.8277  held_out_loss=2.7972  top1_codes=17.92%  top1_all=19.42%  top1_eos=74.21%  cut_stats={'n_perturbed': 63961, 'n_cut': 63961, 'n_full': 64039}
[eval step=  1000] train_loss(ema)=2.5759  held_out_loss=2.5610  top1_codes=23.14%  top1_all=24.27%  top1_eos=65.64%  cut_stats={'n_perturbed': 128034, 'n_cut': 128034, 'n_full': 127966}
[eval step=  1500] train_loss(ema)=2.4685  held_out_loss=2.4879  top1_codes=24.65%  top1_all=25.73%  top1_eos=65.42%  cut_stats={'n_perturbed': 191959, 'n_cut': 191959, 'n_full': 192041}
[eval step=  2000] train_loss(ema)=2.4128  held_out_loss=2.4495  top1_codes=25.53%  top1_all=26.56%  top1_eos=64.40%  cut_stats={'n_perturbed': 255879, 'n_cut': 255879, 'n_full': 256121}
[eval step=  2500] train_loss(ema)=2.3777  held_out_loss=2.4294  top1_codes=25.85%  top1_all=26.98%  top1_eos=68.28%  cut_stats={'n_perturbed': 319953, 'n_cut': 319953, 'n_full': 320047}
[eval step=  3000] train_loss(ema)=2.3494  held_out_loss=2.4177  top1_codes=25.86%  top1_all=27.14%  top1_eos=73.99%  cut_stats={'n_perturbed': 384177, 'n_cut': 384177, 'n_full': 383823}
[eval step=  3500] train_loss(ema)=2.3218  held_out_loss=2.4158  top1_codes=26.35%  top1_all=27.07%  top1_eos=53.55%  cut_stats={'n_perturbed': 448031, 'n_cut': 448031, 'n_full': 447969}
[eval step=  4000] train_loss(ema)=2.3020  held_out_loss=2.4053  top1_codes=26.16%  top1_all=27.27%  top1_eos=67.69%  cut_stats={'n_perturbed': 511882, 'n_cut': 511882, 'n_full': 512118}
[eval step=  4500] train_loss(ema)=2.2801  held_out_loss=2.4043  top1_codes=26.19%  top1_all=27.19%  top1_eos=63.59%  cut_stats={'n_perturbed': 576012, 'n_cut': 576012, 'n_full': 575988}
[eval step=  5000] train_loss(ema)=2.2627  held_out_loss=2.4095  top1_codes=26.22%  top1_all=27.07%  top1_eos=58.02%  cut_stats={'n_perturbed': 640213, 'n_cut': 640213, 'n_full': 639787}
[eval step=  5500] train_loss(ema)=2.2422  held_out_loss=2.4152  top1_codes=26.22%  top1_all=26.94%  top1_eos=53.33%  cut_stats={'n_perturbed': 704470, 'n_cut': 704470, 'n_full': 703530}
[eval step=  6000] train_loss(ema)=2.2247  held_out_loss=2.4167  top1_codes=26.13%  top1_all=27.03%  top1_eos=59.85%  cut_stats={'n_perturbed': 768551, 'n_cut': 768551, 'n_full': 767449}
[eval step=  6500] train_loss(ema)=2.2059  held_out_loss=2.4274  top1_codes=25.87%  top1_all=26.76%  top1_eos=59.63%  cut_stats={'n_perturbed': 832249, 'n_cut': 832249, 'n_full': 831751}
[eval step=  7000] train_loss(ema)=2.1866  held_out_loss=2.4383  top1_codes=25.91%  top1_all=26.80%  top1_eos=59.56%  cut_stats={'n_perturbed': 896154, 'n_cut': 896154, 'n_full': 895846}
[eval step=  7500] train_loss(ema)=2.1725  held_out_loss=2.4468  top1_codes=25.57%  top1_all=26.56%  top1_eos=62.71%  cut_stats={'n_perturbed': 960324, 'n_cut': 960324, 'n_full': 959676}
[eval step=  8000] train_loss(ema)=2.1543  held_out_loss=2.4582  top1_codes=25.63%  top1_all=26.50%  top1_eos=58.17%  cut_stats={'n_perturbed': 1024831, 'n_cut': 1024831, 'n_full': 1023169}
[eval step=  8500] train_loss(ema)=2.1378  held_out_loss=2.4692  top1_codes=25.35%  top1_all=26.49%  top1_eos=68.06%  cut_stats={'n_perturbed': 1088871, 'n_cut': 1088871, 'n_full': 1087129}
⏹ held-out loss 連續 8 次 eval（4000 steps）沒有改善 > 0.001，提早停在 step=8500（plateau）

=== smoke（前 500 steps）: loss[0]=3.6635 -> loss[~500]=2.7857  drop=0.8778  (亂猜 CE 基準=ln(32)=3.4657) ===
saved checkpoint (best held-out loss @ step=4500): experiments/gen_sft/results/gensft_dyn_pert_s20260911_best.pt
saved: experiments/gen_sft/results/gensft_dyn_pert_s20260911_loss_curve.png
saved: experiments/gen_sft/results/gensft_dyn_pert_s20260911_train_summary.json

=== FINAL（best checkpoint @ step=4500）===
held-out loss=2.4043  top1_codes_only=26.19%  (baseline 3.125%)  top1_all=27.19%  top1_eos=63.59%
cut_stats(全訓練累計)={'n_perturbed': 1088871, 'n_cut': 1088871, 'n_full': 1087129}
=== done wall=344.7s  total_steps_run=8500 stopped_early=True ===
