worktree: rewrite-dyn 730db5b2306647ae598e9e238874f89a7a783867
node: zeldajr  corpus=/home/cymaxwelllee/Projects/lacot-dyn/experiments/gen_sft/results/corpus_dyn_v1.pt seed=20260909 steps=30000 tag=gensft_dyn_pert_s20260909 batch=256 perturb=1
env(visible/gpu): CUDA_VISIBLE_DEVICES=0 GPU_DEVICE_ORDINAL=0 ROCR_VISIBLE_DEVICES=0 SLURM_GPUS_ON_NODE=1 SLURM_JOB_GPUS=3 


============================ ROCm System Management Interface ============================
====================================== Product Info ======================================
GPU[0]		: Card Series: 		Navi 48 [Radeon AI PRO R9700]
GPU[0]		: Card Model: 		0x7551
torch.cuda.is_available()=True on attempt 1
[gpu-visibility guard] CUDA_VISIBLE_DEVICES='0' HIP_VISIBLE_DEVICES=None is_available(before importing gen_sft_common)=True
[gpu-visibility guard] CUDA_VISIBLE_DEVICES='0' HIP_VISIBLE_DEVICES='' is_available(before importing gen_sft_common)=True
[gpu-visibility guard] HIP_VISIBLE_DEVICES(after importing gen_sft_common)=''  is_available(cached)=True
[gpu-visibility guard] HIP_VISIBLE_DEVICES(after importing gen_sft_common)=''  is_available(cached)=True
corpus(dyn): n_train_episodes=4457  use_full_prob=0.5  dyn_cut_seed=20260909  perturb=True  perturb_seed=20260912  (訓練 seed=20260909 只管權重初始化/batch-order)
perturb_cfg: xy_sigma=0.311195  other_coef=0.005  (drift_source=/home/cymaxwelllee/Projects/lacot/experiments/walk_verify/drift_analysis/results/drift_summary.json  target_p75=0.357983)
held-out（沿用 corpus_aug_v1.pt 的 val split）: n_val=1365  ⚠️ 跟 antmaze -val.npz 的 200 題接力 eval 是兩件事
model: d_model=128 n_layers=3 n_heads=4 n_params=620577
  step=    0  loss=3.6629  ema=3.6629  lr=1.20e-06
  step=   20  loss=3.6279  ema=3.6577  lr=1.32e-05
  step=   40  loss=3.5869  ema=3.6436  lr=2.52e-05
  step=   60  loss=3.5313  ema=3.6176  lr=3.72e-05
  step=   80  loss=3.4956  ema=3.5838  lr=4.92e-05
  step=  100  loss=3.4534  ema=3.5445  lr=6.12e-05
  step=  120  loss=3.3817  ema=3.5013  lr=7.32e-05
  step=  140  loss=3.3222  ema=3.4510  lr=8.52e-05
  step=  160  loss=3.2115  ema=3.3851  lr=9.72e-05
  step=  180  loss=3.1208  ema=3.3067  lr=1.09e-04
  step=  200  loss=3.0684  ema=3.2320  lr=1.21e-04
  step=  220  loss=3.0038  ema=3.1654  lr=1.33e-04
  step=  240  loss=2.9942  ema=3.1110  lr=1.45e-04
  step=  260  loss=2.9545  ema=3.0640  lr=1.57e-04
  step=  280  loss=2.9580  ema=3.0279  lr=1.69e-04
  step=  300  loss=2.9261  ema=2.9971  lr=1.81e-04
  step=  320  loss=2.9073  ema=2.9693  lr=1.93e-04
  step=  340  loss=2.8858  ema=2.9446  lr=2.05e-04
  step=  360  loss=2.8706  ema=2.9237  lr=2.17e-04
  step=  380  loss=2.8716  ema=2.9048  lr=2.29e-04
  step=  400  loss=2.8249  ema=2.8881  lr=2.41e-04
  step=  420  loss=2.7994  ema=2.8725  lr=2.53e-04
  step=  440  loss=2.8402  ema=2.8564  lr=2.65e-04
  step=  460  loss=2.8058  ema=2.8413  lr=2.77e-04
  step=  480  loss=2.7979  ema=2.8267  lr=2.89e-04
[eval step=   500] train_loss(ema)=2.8161  held_out_loss=2.7829  top1_codes=18.96%  top1_all=20.10%  top1_eos=61.90%  cut_stats={'n_perturbed': 63961, 'n_cut': 63961, 'n_full': 64039}
[eval step=  1000] train_loss(ema)=2.5643  held_out_loss=2.5542  top1_codes=23.68%  top1_all=24.33%  top1_eos=48.06%  cut_stats={'n_perturbed': 128034, 'n_cut': 128034, 'n_full': 127966}
[eval step=  1500] train_loss(ema)=2.4724  held_out_loss=2.4924  top1_codes=24.94%  top1_all=25.55%  top1_eos=48.28%  cut_stats={'n_perturbed': 191959, 'n_cut': 191959, 'n_full': 192041}
[eval step=  2000] train_loss(ema)=2.4127  held_out_loss=2.4450  top1_codes=25.69%  top1_all=26.71%  top1_eos=64.10%  cut_stats={'n_perturbed': 255879, 'n_cut': 255879, 'n_full': 256121}
[eval step=  2500] train_loss(ema)=2.3756  held_out_loss=2.4300  top1_codes=26.15%  top1_all=27.12%  top1_eos=62.71%  cut_stats={'n_perturbed': 319953, 'n_cut': 319953, 'n_full': 320047}
[eval step=  3000] train_loss(ema)=2.3474  held_out_loss=2.4182  top1_codes=26.28%  top1_all=27.25%  top1_eos=63.00%  cut_stats={'n_perturbed': 384177, 'n_cut': 384177, 'n_full': 383823}
[eval step=  3500] train_loss(ema)=2.3217  held_out_loss=2.4121  top1_codes=26.28%  top1_all=27.32%  top1_eos=65.20%  cut_stats={'n_perturbed': 448031, 'n_cut': 448031, 'n_full': 447969}
[eval step=  4000] train_loss(ema)=2.3005  held_out_loss=2.4102  top1_codes=26.48%  top1_all=27.26%  top1_eos=55.82%  cut_stats={'n_perturbed': 511882, 'n_cut': 511882, 'n_full': 512118}
[eval step=  4500] train_loss(ema)=2.2802  held_out_loss=2.4103  top1_codes=26.39%  top1_all=27.21%  top1_eos=57.51%  cut_stats={'n_perturbed': 576012, 'n_cut': 576012, 'n_full': 575988}
[eval step=  5000] train_loss(ema)=2.2604  held_out_loss=2.4143  top1_codes=26.36%  top1_all=27.12%  top1_eos=54.95%  cut_stats={'n_perturbed': 640213, 'n_cut': 640213, 'n_full': 639787}
[eval step=  5500] train_loss(ema)=2.2408  held_out_loss=2.4184  top1_codes=26.20%  top1_all=26.97%  top1_eos=55.09%  cut_stats={'n_perturbed': 704470, 'n_cut': 704470, 'n_full': 703530}
[eval step=  6000] train_loss(ema)=2.2236  held_out_loss=2.4257  top1_codes=26.20%  top1_all=27.11%  top1_eos=60.22%  cut_stats={'n_perturbed': 768551, 'n_cut': 768551, 'n_full': 767449}
[eval step=  6500] train_loss(ema)=2.2021  held_out_loss=2.4356  top1_codes=26.12%  top1_all=26.97%  top1_eos=58.17%  cut_stats={'n_perturbed': 832249, 'n_cut': 832249, 'n_full': 831751}
[eval step=  7000] train_loss(ema)=2.1865  held_out_loss=2.4395  top1_codes=25.84%  top1_all=26.71%  top1_eos=58.68%  cut_stats={'n_perturbed': 896154, 'n_cut': 896154, 'n_full': 895846}
[eval step=  7500] train_loss(ema)=2.1713  held_out_loss=2.4516  top1_codes=25.99%  top1_all=26.88%  top1_eos=59.56%  cut_stats={'n_perturbed': 960324, 'n_cut': 960324, 'n_full': 959676}
[eval step=  8000] train_loss(ema)=2.1529  held_out_loss=2.4662  top1_codes=26.01%  top1_all=26.81%  top1_eos=55.90%  cut_stats={'n_perturbed': 1024831, 'n_cut': 1024831, 'n_full': 1023169}
⏹ held-out loss 連續 8 次 eval（4000 steps）沒有改善 > 0.001，提早停在 step=8000（plateau）

=== smoke（前 500 steps）: loss[0]=3.6629 -> loss[~500]=2.7540  drop=0.9089  (亂猜 CE 基準=ln(32)=3.4657) ===
saved checkpoint (best held-out loss @ step=4000): experiments/gen_sft/results/gensft_dyn_pert_s20260909_best.pt
saved: experiments/gen_sft/results/gensft_dyn_pert_s20260909_loss_curve.png
saved: experiments/gen_sft/results/gensft_dyn_pert_s20260909_train_summary.json

=== FINAL（best checkpoint @ step=4000）===
held-out loss=2.4102  top1_codes_only=26.48%  (baseline 3.125%)  top1_all=27.26%  top1_eos=55.82%
cut_stats(全訓練累計)={'n_perturbed': 1024831, 'n_cut': 1024831, 'n_full': 1023169}
=== done wall=325.7s  total_steps_run=8000 stopped_early=True ===
