worktree: rewrite-v1 a3630e651b125a771bc5f786a72b831e1e6c03c2
node: zeldajr  corpus=experiments/gen_sft/results/corpus_aug_v1.pt seed=20260911 steps=30000 tag=gensft_aug_s20260911 batch=256
env(visible/gpu): CUDA_DEVICE_ORDER=PCI_BUS_ID CUDA_HOME=/home/cymaxwelllee/.cuda CUDA_VISIBLE_DEVICES=0 GPU_DEVICE_ORDINAL=0 HIP_VISIBLE_DEVICES=0 LD_LIBRARY_PATH=/home/cymaxwelllee/.rocm/lib:/home/cymaxwelllee/.rocm/lib64:/home/cymaxwelllee/.cuda/lib64:/home/cymaxwelllee/.cuda/extras/CUPTI/lib64: ROCM_HOME=/home/cymaxwelllee/.rocm ROCR_VISIBLE_DEVICES=0 SLURM_GPUS_ON_NODE=1 SLURM_JOB_GPUS=0 TF_FORCE_GPU_ALLOW_GROWTH=true 


============================ ROCm System Management Interface ============================
====================================== Product Info ======================================
GPU[0]		: Card Series: 		Navi 48 [Radeon AI PRO R9700]
GPU[0]		: Card Model: 		0x7551
torch.cuda.is_available()=True on attempt 1
[gpu-visibility guard] CUDA_VISIBLE_DEVICES='0' HIP_VISIBLE_DEVICES='0' is_available(before importing gen_sft_common)=True
[gpu-visibility guard] HIP_VISIBLE_DEVICES(after importing gen_sft_common)='0'  is_available(cached)=True
corpus: n_train=12293 n_val=1365 (corpus 內部 9:1 held-out，split_seed=42 —— ⚠️ 不是 antmaze -val.npz 那個 200 題接力用的 val)
waypoints_M={'min': 1, 'p50': 3.0, 'max': 4}  code_len_L={'min': 50, 'p50': 50.0, 'max': 50}
model: d_model=128 n_layers=3 n_heads=4 n_params=620577
  step=    0  loss=3.6655  ema=3.6655  lr=1.20e-06
  step=   20  loss=3.6483  ema=3.6612  lr=1.32e-05
  step=   40  loss=3.6073  ema=3.6496  lr=2.52e-05
  step=   60  loss=3.5568  ema=3.6256  lr=3.72e-05
  step=   80  loss=3.5071  ema=3.5933  lr=4.92e-05
  step=  100  loss=3.4619  ema=3.5567  lr=6.12e-05
  step=  120  loss=3.4151  ema=3.5173  lr=7.32e-05
  step=  140  loss=3.3435  ema=3.4728  lr=8.52e-05
  step=  160  loss=3.2384  ema=3.4136  lr=9.72e-05
  step=  180  loss=3.1424  ema=3.3406  lr=1.09e-04
  step=  200  loss=3.0898  ema=3.2665  lr=1.21e-04
  step=  220  loss=3.0332  ema=3.2011  lr=1.33e-04
  step=  240  loss=3.0159  ema=3.1432  lr=1.45e-04
  step=  260  loss=2.9883  ema=3.0984  lr=1.57e-04
  step=  280  loss=2.9623  ema=3.0602  lr=1.69e-04
  step=  300  loss=2.9767  ema=3.0286  lr=1.81e-04
  step=  320  loss=2.9438  ema=3.0022  lr=1.93e-04
  step=  340  loss=2.9183  ema=2.9798  lr=2.05e-04
  step=  360  loss=2.9151  ema=2.9603  lr=2.17e-04
  step=  380  loss=2.8867  ema=2.9427  lr=2.29e-04
  step=  400  loss=2.8835  ema=2.9282  lr=2.41e-04
  step=  420  loss=2.8803  ema=2.9131  lr=2.53e-04
  step=  440  loss=2.8612  ema=2.9002  lr=2.65e-04
  step=  460  loss=2.8421  ema=2.8878  lr=2.77e-04
  step=  480  loss=2.8317  ema=2.8767  lr=2.89e-04
[eval step=   500] train_loss(ema)=2.8642  held_out_loss=2.7999  top1_codes=18.23%  top1_all=19.22%  top1_eos=55.60%
[eval step=  1000] train_loss(ema)=2.6137  held_out_loss=2.5673  top1_codes=23.06%  top1_all=24.42%  top1_eos=74.14%
[eval step=  1500] train_loss(ema)=2.5099  held_out_loss=2.4928  top1_codes=24.71%  top1_all=25.53%  top1_eos=55.68%
[eval step=  2000] train_loss(ema)=2.4578  held_out_loss=2.4570  top1_codes=25.29%  top1_all=26.38%  top1_eos=66.52%
[eval step=  2500] train_loss(ema)=2.4204  held_out_loss=2.4419  top1_codes=25.76%  top1_all=26.82%  top1_eos=65.64%
[eval step=  3000] train_loss(ema)=2.3884  held_out_loss=2.4331  top1_codes=26.09%  top1_all=26.85%  top1_eos=54.73%
[eval step=  3500] train_loss(ema)=2.3620  held_out_loss=2.4239  top1_codes=26.12%  top1_all=27.01%  top1_eos=59.41%
[eval step=  4000] train_loss(ema)=2.3376  held_out_loss=2.4240  top1_codes=26.15%  top1_all=27.17%  top1_eos=64.47%
[eval step=  4500] train_loss(ema)=2.3142  held_out_loss=2.4221  top1_codes=26.07%  top1_all=27.06%  top1_eos=63.66%
[eval step=  5000] train_loss(ema)=2.2896  held_out_loss=2.4270  top1_codes=26.06%  top1_all=27.04%  top1_eos=63.15%
[eval step=  5500] train_loss(ema)=2.2732  held_out_loss=2.4389  top1_codes=25.85%  top1_all=26.63%  top1_eos=55.38%
[eval step=  6000] train_loss(ema)=2.2515  held_out_loss=2.4410  top1_codes=25.63%  top1_all=26.55%  top1_eos=60.29%
[eval step=  6500] train_loss(ema)=2.2292  held_out_loss=2.4524  top1_codes=25.39%  top1_all=26.48%  top1_eos=66.30%
[eval step=  7000] train_loss(ema)=2.2117  held_out_loss=2.4582  top1_codes=25.63%  top1_all=26.56%  top1_eos=60.66%
[eval step=  7500] train_loss(ema)=2.1899  held_out_loss=2.4737  top1_codes=25.18%  top1_all=26.20%  top1_eos=63.59%
[eval step=  8000] train_loss(ema)=2.1733  held_out_loss=2.4897  top1_codes=25.17%  top1_all=26.05%  top1_eos=58.39%
[eval step=  8500] train_loss(ema)=2.1558  held_out_loss=2.4986  top1_codes=24.95%  top1_all=26.04%  top1_eos=65.93%
⏹ held-out loss 連續 8 次 eval（4000 steps）沒有改善 > 0.001，提早停在 step=8500（plateau）

=== smoke（前 500 steps）: loss[0]=3.6655 -> loss[~500]=2.8525  drop=0.8130  (亂猜 CE 基準=ln(32)=3.4657) ===
saved checkpoint (best held-out loss @ step=4500): experiments/gen_sft/results/gensft_aug_s20260911_best.pt
saved: experiments/gen_sft/results/gensft_aug_s20260911_loss_curve.png
saved: experiments/gen_sft/results/gensft_aug_s20260911_train_summary.json

=== FINAL（best checkpoint @ step=4500）===
held-out loss=2.4221  top1_codes_only=26.07%  (baseline 3.125%)  top1_all=27.06%  top1_eos=63.66%
=== done wall=326.5s  total_steps_run=8500 stopped_early=True ===
