worktree: rewrite-dyn 730db5b2306647ae598e9e238874f89a7a783867
node: zeldajr  corpus=/home/cymaxwelllee/Projects/lacot-dyn/experiments/gen_sft/results/corpus_dyn_v1.pt seed=20260910 steps=30000 tag=gensft_dyn_nopert_s20260910 batch=256 perturb=0
env(visible/gpu): CUDA_VISIBLE_DEVICES=0 GPU_DEVICE_ORDINAL=0 ROCR_VISIBLE_DEVICES=0 SLURM_GPUS_ON_NODE=1 SLURM_JOB_GPUS=1 


============================ ROCm System Management Interface ============================
====================================== Product Info ======================================
GPU[0]		: Card Series: 		Navi 48 [Radeon AI PRO R9700]
GPU[0]		: Card Model: 		0x7551
torch.cuda.is_available()=True on attempt 1
[gpu-visibility guard] CUDA_VISIBLE_DEVICES='0' HIP_VISIBLE_DEVICES=None is_available(before importing gen_sft_common)=True
[gpu-visibility guard] CUDA_VISIBLE_DEVICES='0' HIP_VISIBLE_DEVICES='' is_available(before importing gen_sft_common)=True
[gpu-visibility guard] HIP_VISIBLE_DEVICES(after importing gen_sft_common)=''  is_available(cached)=True
[gpu-visibility guard] HIP_VISIBLE_DEVICES(after importing gen_sft_common)=''  is_available(cached)=True
corpus(dyn): n_train_episodes=4457  use_full_prob=0.5  dyn_cut_seed=20260909  perturb=False  perturb_seed=N/A  (訓練 seed=20260910 只管權重初始化/batch-order)
held-out（沿用 corpus_aug_v1.pt 的 val split）: n_val=1365  ⚠️ 跟 antmaze -val.npz 的 200 題接力 eval 是兩件事
model: d_model=128 n_layers=3 n_heads=4 n_params=620577
  step=    0  loss=3.6712  ema=3.6712  lr=1.20e-06
  step=   20  loss=3.6585  ema=3.6700  lr=1.32e-05
  step=   40  loss=3.6169  ema=3.6575  lr=2.52e-05
  step=   60  loss=3.5605  ema=3.6312  lr=3.72e-05
  step=   80  loss=3.5099  ema=3.5955  lr=4.92e-05
  step=  100  loss=3.4520  ema=3.5550  lr=6.12e-05
  step=  120  loss=3.3909  ema=3.5122  lr=7.32e-05
  step=  140  loss=3.3291  ema=3.4633  lr=8.52e-05
  step=  160  loss=3.2273  ema=3.4011  lr=9.72e-05
  step=  180  loss=3.1368  ema=3.3219  lr=1.09e-04
  step=  200  loss=3.0437  ema=3.2427  lr=1.21e-04
  step=  220  loss=3.0133  ema=3.1705  lr=1.33e-04
  step=  240  loss=3.0058  ema=3.1129  lr=1.45e-04
  step=  260  loss=2.9531  ema=3.0647  lr=1.57e-04
  step=  280  loss=2.9410  ema=3.0257  lr=1.69e-04
  step=  300  loss=2.9342  ema=2.9964  lr=1.81e-04
  step=  320  loss=2.9042  ema=2.9692  lr=1.93e-04
  step=  340  loss=2.8959  ema=2.9446  lr=2.05e-04
  step=  360  loss=2.8707  ema=2.9255  lr=2.17e-04
  step=  380  loss=2.8910  ema=2.9087  lr=2.29e-04
  step=  400  loss=2.8147  ema=2.8914  lr=2.41e-04
  step=  420  loss=2.8367  ema=2.8767  lr=2.53e-04
  step=  440  loss=2.8421  ema=2.8625  lr=2.65e-04
  step=  460  loss=2.7954  ema=2.8482  lr=2.77e-04
  step=  480  loss=2.8074  ema=2.8344  lr=2.89e-04
[eval step=   500] train_loss(ema)=2.8244  held_out_loss=2.7962  top1_codes=18.72%  top1_all=19.66%  top1_eos=54.14%  cut_stats={'n_cut': 63961, 'n_full': 64039}
[eval step=  1000] train_loss(ema)=2.5529  held_out_loss=2.5453  top1_codes=23.23%  top1_all=24.55%  top1_eos=73.04%  cut_stats={'n_cut': 128034, 'n_full': 127966}
[eval step=  1500] train_loss(ema)=2.4620  held_out_loss=2.4826  top1_codes=24.86%  top1_all=25.74%  top1_eos=58.17%  cut_stats={'n_cut': 191959, 'n_full': 192041}
[eval step=  2000] train_loss(ema)=2.4081  held_out_loss=2.4512  top1_codes=25.56%  top1_all=26.58%  top1_eos=63.66%  cut_stats={'n_cut': 255879, 'n_full': 256121}
[eval step=  2500] train_loss(ema)=2.3729  held_out_loss=2.4277  top1_codes=25.91%  top1_all=26.94%  top1_eos=64.54%  cut_stats={'n_cut': 319953, 'n_full': 320047}
[eval step=  3000] train_loss(ema)=2.3443  held_out_loss=2.4207  top1_codes=25.80%  top1_all=27.04%  top1_eos=72.23%  cut_stats={'n_cut': 384177, 'n_full': 383823}
[eval step=  3500] train_loss(ema)=2.3197  held_out_loss=2.4110  top1_codes=26.25%  top1_all=27.15%  top1_eos=60.07%  cut_stats={'n_cut': 448031, 'n_full': 447969}
[eval step=  4000] train_loss(ema)=2.2989  held_out_loss=2.4096  top1_codes=26.12%  top1_all=27.18%  top1_eos=65.86%  cut_stats={'n_cut': 511882, 'n_full': 512118}
[eval step=  4500] train_loss(ema)=2.2787  held_out_loss=2.4126  top1_codes=26.13%  top1_all=27.12%  top1_eos=63.30%  cut_stats={'n_cut': 576012, 'n_full': 575988}
[eval step=  5000] train_loss(ema)=2.2581  held_out_loss=2.4126  top1_codes=26.15%  top1_all=27.10%  top1_eos=61.76%  cut_stats={'n_cut': 640213, 'n_full': 639787}
[eval step=  5500] train_loss(ema)=2.2410  held_out_loss=2.4207  top1_codes=26.03%  top1_all=27.01%  top1_eos=62.93%  cut_stats={'n_cut': 704470, 'n_full': 703530}
[eval step=  6000] train_loss(ema)=2.2233  held_out_loss=2.4304  top1_codes=26.01%  top1_all=26.77%  top1_eos=54.95%  cut_stats={'n_cut': 768551, 'n_full': 767449}
[eval step=  6500] train_loss(ema)=2.2046  held_out_loss=2.4313  top1_codes=25.90%  top1_all=26.91%  top1_eos=63.66%  cut_stats={'n_cut': 832249, 'n_full': 831751}
[eval step=  7000] train_loss(ema)=2.1883  held_out_loss=2.4442  top1_codes=25.41%  top1_all=26.62%  top1_eos=70.84%  cut_stats={'n_cut': 896154, 'n_full': 895846}
[eval step=  7500] train_loss(ema)=2.1699  held_out_loss=2.4568  top1_codes=25.46%  top1_all=26.45%  top1_eos=62.71%  cut_stats={'n_cut': 960324, 'n_full': 959676}
[eval step=  8000] train_loss(ema)=2.1530  held_out_loss=2.4656  top1_codes=25.54%  top1_all=26.47%  top1_eos=60.59%  cut_stats={'n_cut': 1024831, 'n_full': 1023169}
⏹ held-out loss 連續 8 次 eval（4000 steps）沒有改善 > 0.001，提早停在 step=8000（plateau）

=== smoke（前 500 steps）: loss[0]=3.6712 -> loss[~500]=2.7796  drop=0.8916  (亂猜 CE 基準=ln(32)=3.4657) ===
saved checkpoint (best held-out loss @ step=4000): experiments/gen_sft/results/gensft_dyn_nopert_s20260910_best.pt
saved: experiments/gen_sft/results/gensft_dyn_nopert_s20260910_loss_curve.png
saved: experiments/gen_sft/results/gensft_dyn_nopert_s20260910_train_summary.json

=== FINAL（best checkpoint @ step=4000）===
held-out loss=2.4096  top1_codes_only=26.12%  (baseline 3.125%)  top1_all=27.18%  top1_eos=65.86%
cut_stats(全訓練累計)={'n_cut': 1024831, 'n_full': 1023169}
=== done wall=310.5s  total_steps_run=8000 stopped_early=True ===
