worktree: rewrite-v1 a3630e651b125a771bc5f786a72b831e1e6c03c2
node: zeldajr  gensft_ckpt=experiments/gen_sft/results/gensft_aug_s20260909_best.pt  r_grid=8  n_traj=200  tag=rewrite_eval_aug_s20260909_gif
=== rewrite eval (aug)  gensft_ckpt=gensft_aug_s20260909_best.pt  n_traj=200  seed=20260908  rho=1.875  R_grid=['8'] ===
dict: seg_len=4 K=32  fall_line=0.2573
gensft model: {'d_model': 128, 'n_layers': 3, 'n_heads': 4, 'dropout': 0.1, 'max_len': 96}  best_step=4500  held_out_at_best={'loss': 2.4219811617269422, 'top1_all': 0.2684862751201292, 'n_all': 51403, 'top1_codes_only': 0.2595027778888045, 'n_codes': 50038, 'top1_eos': 0.5978021978021978, 'n_eos': 1365}  train_args.corpus=experiments/gen_sft/results/corpus_aug_v1.pt  train_args.seed=20260909
tasks: 200 usable (要求>=200)  skipped=1
eval_tasks=200  waypoints M: min=1 p50=3 max=4  total_legs=595

obs_proxy_check（sim_obs(u) vs raw['observations'][s0]，reset 剛完、零漂移）: n=5  L2 min/p50/max=0.000000/0.000000/0.000000

初始生成（貪心，全部 R 共用第一個 block）：200 條，長度 min/p50/max=50/50/50  (1.6s)

=== 開始 rollout：1 個 R x 200 題 = 200 條 ===
  parallel_walk_rewrite: 200 rollouts, 8 workers, 8.2s

=== 主表（200 題，貪心解碼）===
     R |  per-leg | completion | fall(step) | adiff_p50 | avg_rewrites
----------------------------------------------------------------------
     8 |   0.6899 |     0.3100 |      0.03% |     1.257 |         5.23

本次 R_grid 內最佳：R=8  per-leg=0.6899
saved gif: experiments/gen_sft/results/gifs_rewrite_aug/R8_success_0_ep260.gif (32 幀, episode=260, legs 3/3, n_rewrites=3)
saved gif: experiments/gen_sft/results/gifs_rewrite_aug/R8_fail_0_ep319.gif (50 幀, episode=319, legs 0/3, n_rewrites=6)

saved: experiments/gen_sft/results/rewrite_eval_aug_s20260909_gif_summary.json
=== done wall=18.3s ===
