worktree: gen-sft-v1 1b2fb5411561c3924e05c74b6930233b3f4590ce
node: zeldajr  steps=30000 tag=gensft_v2_hardf batch=256 extra=[--weight-mode hard --scores-path experiments/gen_sft/results/corpus_scores_v2.pt]
env(visible/gpu): CUDA_DEVICE_ORDER=PCI_BUS_ID CUDA_HOME=/home/cymaxwelllee/.cuda CUDA_VISIBLE_DEVICES=0 GPU_DEVICE_ORDINAL=0 HIP_VISIBLE_DEVICES=0 LD_LIBRARY_PATH=/home/cymaxwelllee/.rocm/lib:/home/cymaxwelllee/.rocm/lib64:/home/cymaxwelllee/.cuda/lib64:/home/cymaxwelllee/.cuda/extras/CUPTI/lib64: ROCM_HOME=/home/cymaxwelllee/.rocm ROCR_VISIBLE_DEVICES=0 SLURM_GPUS_ON_NODE=1 SLURM_JOB_GPUS=1 TF_FORCE_GPU_ALLOW_GROWTH=true 


============================ ROCm System Management Interface ============================
====================================== Product Info ======================================
GPU[0]		: Card Series: 		Navi 48 [Radeon AI PRO R9700]
GPU[0]		: Card Model: 		0x7551
torch.cuda.is_available()=True on attempt 1
[gpu-visibility guard] CUDA_VISIBLE_DEVICES='0' HIP_VISIBLE_DEVICES='0' is_available(before importing gen_sft_common)=True
[gpu-visibility guard] CUDA_VISIBLE_DEVICES='0' HIP_VISIBLE_DEVICES='0' is_available(before importing gen_sft_common)=True
[gpu-visibility guard] HIP_VISIBLE_DEVICES(after importing gen_sft_common)='0'  is_available(cached)=True
[gpu-visibility guard] HIP_VISIBLE_DEVICES(after importing)='0'  is_available(cached)=True
corpus: n_train=4457 n_val=495 split_seed=42  weight_mode=hard
硬過濾：2229/4457 保留 (median_score=0.2692，來自 experiments/gen_sft/results/corpus_scores_v2.pt)
model: d_model=128 n_layers=3 n_heads=4 n_params=620577
  step=    0  loss=3.6551  ema=3.6551  lr=1.20e-06
  step=   20  loss=3.6578  ema=3.6551  lr=1.32e-05
  step=   40  loss=3.6033  ema=3.6437  lr=2.52e-05
  step=   60  loss=3.5381  ema=3.6186  lr=3.72e-05
  step=   80  loss=3.4753  ema=3.5803  lr=4.92e-05
  step=  100  loss=3.3999  ema=3.5334  lr=6.12e-05
  step=  120  loss=3.3213  ema=3.4778  lr=7.32e-05
  step=  140  loss=3.2068  ema=3.4100  lr=8.52e-05
  step=  160  loss=3.1343  ema=3.3240  lr=9.72e-05
  step=  180  loss=2.9608  ema=3.2236  lr=1.09e-04
  step=  200  loss=2.8812  ema=3.1271  lr=1.21e-04
  step=  220  loss=2.9326  ema=3.0457  lr=1.33e-04
  step=  240  loss=2.7988  ema=2.9770  lr=1.45e-04
  step=  260  loss=2.7608  ema=2.9195  lr=1.57e-04
  step=  280  loss=2.7552  ema=2.8736  lr=1.69e-04
  step=  300  loss=2.7306  ema=2.8345  lr=1.81e-04
  step=  320  loss=2.7059  ema=2.8035  lr=1.93e-04
  step=  340  loss=2.7060  ema=2.7753  lr=2.05e-04
  step=  360  loss=2.6766  ema=2.7530  lr=2.17e-04
  step=  380  loss=2.6661  ema=2.7289  lr=2.29e-04
  step=  400  loss=2.6466  ema=2.7090  lr=2.41e-04
  step=  420  loss=2.6198  ema=2.6934  lr=2.53e-04
  step=  440  loss=2.6299  ema=2.6767  lr=2.65e-04
  step=  460  loss=2.7248  ema=2.6559  lr=2.77e-04
  step=  480  loss=2.5488  ema=2.6354  lr=2.89e-04
[eval step=   500] train_loss(ema)=2.6159  held_out_loss=2.5666  top1_codes=22.82%  top1_all=24.33%  top1_eos=100.00%
[eval step=  1000] train_loss(ema)=2.3339  held_out_loss=2.4192  top1_codes=25.91%  top1_all=27.36%  top1_eos=100.00%
[eval step=  1500] train_loss(ema)=2.2192  held_out_loss=2.4119  top1_codes=26.08%  top1_all=27.53%  top1_eos=100.00%
[eval step=  2000] train_loss(ema)=2.1101  held_out_loss=2.4583  top1_codes=25.65%  top1_all=27.11%  top1_eos=100.00%
[eval step=  2500] train_loss(ema)=1.9956  held_out_loss=2.5423  top1_codes=25.18%  top1_all=26.65%  top1_eos=100.00%
[eval step=  3000] train_loss(ema)=1.8980  held_out_loss=2.6227  top1_codes=24.67%  top1_all=26.15%  top1_eos=100.00%
[eval step=  3500] train_loss(ema)=1.7951  held_out_loss=2.7411  top1_codes=24.02%  top1_all=25.51%  top1_eos=100.00%
[eval step=  4000] train_loss(ema)=1.7211  held_out_loss=2.8256  top1_codes=23.43%  top1_all=24.93%  top1_eos=100.00%
[eval step=  4500] train_loss(ema)=1.6025  held_out_loss=2.9641  top1_codes=23.05%  top1_all=24.56%  top1_eos=100.00%
[eval step=  5000] train_loss(ema)=1.5857  held_out_loss=3.0083  top1_codes=22.97%  top1_all=24.48%  top1_eos=100.00%
[eval step=  5500] train_loss(ema)=1.4675  held_out_loss=3.1508  top1_codes=22.59%  top1_all=24.10%  top1_eos=100.00%
⏹ held-out loss 連續 8 次 eval（4000 steps）沒有改善 > 0.001，提早停在 step=5500（plateau）

=== smoke（前 500 steps）: loss[0]=3.6551 -> loss[~500]=2.5457  drop=1.1094  (亂猜 CE 基準=ln(32)=3.4657) ===
saved checkpoint (best held-out loss @ step=1500): experiments/gen_sft/results/gensft_v2_hardf_best.pt
saved: experiments/gen_sft/results/gensft_v2_hardf_loss_curve.png
saved: experiments/gen_sft/results/gensft_v2_hardf_train_summary.json

=== FINAL（best checkpoint @ step=1500）===
held-out loss=2.4119  top1_codes_only=26.08%  (baseline 3.125%)  top1_all=27.53%  top1_eos=100.00%
=== done wall=209.4s  total_steps_run=5500 stopped_early=True ===
