worktree: gen-sft-v1 1b2fb5411561c3924e05c74b6930233b3f4590ce
node: zeldajr  steps=30000 tag=gensft_v2_wide batch=256 extra=[--d-model 256 --n-heads 8 --n-layers 3 --weight-mode none]
env(visible/gpu): CUDA_DEVICE_ORDER=PCI_BUS_ID CUDA_HOME=/home/cymaxwelllee/.cuda CUDA_VISIBLE_DEVICES=0 GPU_DEVICE_ORDINAL=0 HIP_VISIBLE_DEVICES=0 LD_LIBRARY_PATH=/home/cymaxwelllee/.rocm/lib:/home/cymaxwelllee/.rocm/lib64:/home/cymaxwelllee/.cuda/lib64:/home/cymaxwelllee/.cuda/extras/CUPTI/lib64: ROCM_HOME=/home/cymaxwelllee/.rocm ROCR_VISIBLE_DEVICES=0 SLURM_GPUS_ON_NODE=1 SLURM_JOB_GPUS=0 TF_FORCE_GPU_ALLOW_GROWTH=true 


============================ ROCm System Management Interface ============================
====================================== Product Info ======================================
GPU[0]		: Card Series: 		Navi 48 [Radeon AI PRO R9700]
GPU[0]		: Card Model: 		0x7551
torch.cuda.is_available()=True on attempt 1
[gpu-visibility guard] CUDA_VISIBLE_DEVICES='0' HIP_VISIBLE_DEVICES='0' is_available(before importing gen_sft_common)=True
[gpu-visibility guard] CUDA_VISIBLE_DEVICES='0' HIP_VISIBLE_DEVICES='0' is_available(before importing gen_sft_common)=True
[gpu-visibility guard] HIP_VISIBLE_DEVICES(after importing gen_sft_common)='0'  is_available(cached)=True
[gpu-visibility guard] HIP_VISIBLE_DEVICES(after importing)='0'  is_available(cached)=True
corpus: n_train=4457 n_val=495 split_seed=42  weight_mode=none
model: d_model=256 n_layers=3 n_heads=8 n_params=2420769
  step=    0  loss=3.6346  ema=3.6346  lr=1.20e-06
  step=   20  loss=3.5861  ema=3.6263  lr=1.32e-05
  step=   40  loss=3.4900  ema=3.5968  lr=2.52e-05
  step=   60  loss=3.4094  ema=3.5500  lr=3.72e-05
  step=   80  loss=3.3014  ema=3.4854  lr=4.92e-05
  step=  100  loss=3.1362  ema=3.4001  lr=6.12e-05
  step=  120  loss=2.9748  ema=3.2876  lr=7.32e-05
  step=  140  loss=2.9347  ema=3.1700  lr=8.52e-05
  step=  160  loss=2.8325  ema=3.0668  lr=9.72e-05
  step=  180  loss=2.7836  ema=2.9825  lr=1.09e-04
  step=  200  loss=2.7463  ema=2.9146  lr=1.21e-04
  step=  220  loss=2.7307  ema=2.8581  lr=1.33e-04
  step=  240  loss=2.7446  ema=2.8158  lr=1.45e-04
  step=  260  loss=2.6830  ema=2.7804  lr=1.57e-04
  step=  280  loss=2.6614  ema=2.7453  lr=1.69e-04
  step=  300  loss=2.6397  ema=2.7176  lr=1.81e-04
  step=  320  loss=2.6185  ema=2.6948  lr=1.93e-04
  step=  340  loss=2.6090  ema=2.6705  lr=2.05e-04
  step=  360  loss=2.6058  ema=2.6469  lr=2.17e-04
  step=  380  loss=2.6042  ema=2.6247  lr=2.29e-04
  step=  400  loss=2.5651  ema=2.6003  lr=2.41e-04
  step=  420  loss=2.5026  ema=2.5762  lr=2.53e-04
  step=  440  loss=2.5337  ema=2.5534  lr=2.65e-04
  step=  460  loss=2.4684  ema=2.5309  lr=2.77e-04
  step=  480  loss=2.4925  ema=2.5100  lr=2.89e-04
[eval step=   500] train_loss(ema)=2.4872  held_out_loss=2.4088  top1_codes=25.95%  top1_all=27.40%  top1_eos=100.00%
[eval step=  1000] train_loss(ema)=2.2547  held_out_loss=2.3099  top1_codes=28.09%  top1_all=29.50%  top1_eos=100.00%
[eval step=  1500] train_loss(ema)=2.1373  held_out_loss=2.3337  top1_codes=27.98%  top1_all=29.39%  top1_eos=100.00%
[eval step=  2000] train_loss(ema)=1.9979  held_out_loss=2.4212  top1_codes=26.78%  top1_all=28.22%  top1_eos=100.00%
[eval step=  2500] train_loss(ema)=1.8588  held_out_loss=2.5391  top1_codes=25.81%  top1_all=27.26%  top1_eos=100.00%
[eval step=  3000] train_loss(ema)=1.6488  held_out_loss=2.7573  top1_codes=24.22%  top1_all=25.70%  top1_eos=100.00%
[eval step=  3500] train_loss(ema)=1.4887  held_out_loss=2.9704  top1_codes=23.62%  top1_all=25.12%  top1_eos=100.00%
[eval step=  4000] train_loss(ema)=1.3344  held_out_loss=3.1904  top1_codes=22.79%  top1_all=24.30%  top1_eos=100.00%
[eval step=  4500] train_loss(ema)=1.1983  held_out_loss=3.3912  top1_codes=22.38%  top1_all=23.90%  top1_eos=100.00%
[eval step=  5000] train_loss(ema)=1.1011  held_out_loss=3.5768  top1_codes=21.78%  top1_all=23.31%  top1_eos=100.00%
⏹ held-out loss 連續 8 次 eval（4000 steps）沒有改善 > 0.001，提早停在 step=5000（plateau）

=== smoke（前 500 steps）: loss[0]=3.6346 -> loss[~500]=2.4957  drop=1.1390  (亂猜 CE 基準=ln(32)=3.4657) ===
saved checkpoint (best held-out loss @ step=1000): experiments/gen_sft/results/gensft_v2_wide_best.pt
saved: experiments/gen_sft/results/gensft_v2_wide_loss_curve.png
saved: experiments/gen_sft/results/gensft_v2_wide_train_summary.json

=== FINAL（best checkpoint @ step=1000）===
held-out loss=2.3099  top1_codes_only=28.09%  (baseline 3.125%)  top1_all=29.50%  top1_eos=100.00%
=== done wall=391.8s  total_steps_run=5000 stopped_early=True ===
