worktree: rewrite-v1 730db5b2306647ae598e9e238874f89a7a783867
node: zeldajr  corpus=/home/cymaxwelllee/Projects/lacot-rewrite/experiments/gen_sft/results/corpus_aug_v2_c4.pt seed=20260911 steps=30000 tag=gensft_c4_s20260911 batch=256
env(visible/gpu): CUDA_VISIBLE_DEVICES=0 GPU_DEVICE_ORDINAL=0 ROCR_VISIBLE_DEVICES=0 SLURM_GPUS_ON_NODE=1 SLURM_JOB_GPUS=2 


============================ ROCm System Management Interface ============================
====================================== Product Info ======================================
GPU[0]		: Card Series: 		Navi 48 [Radeon AI PRO R9700]
GPU[0]		: Card Model: 		0x7551
torch.cuda.is_available()=True on attempt 1
[gpu-visibility guard] CUDA_VISIBLE_DEVICES='0' HIP_VISIBLE_DEVICES=None is_available(before importing gen_sft_common)=True
[gpu-visibility guard] HIP_VISIBLE_DEVICES(after importing gen_sft_common)=''  is_available(cached)=True
corpus: n_train=20130 n_val=2242 (corpus 內部 9:1 held-out，split_seed=42 —— ⚠️ 不是 antmaze -val.npz 那個 200 題接力用的 val)
waypoints_M={'min': 1, 'p50': 3.0, 'max': 4}  code_len_L={'min': 50, 'p50': 50.0, 'max': 50}
model: d_model=128 n_layers=3 n_heads=4 n_params=620577
  step=    0  loss=3.6646  ema=3.6646  lr=1.20e-06
  step=   20  loss=3.6493  ema=3.6614  lr=1.32e-05
  step=   40  loss=3.6179  ema=3.6498  lr=2.52e-05
  step=   60  loss=3.5585  ema=3.6269  lr=3.72e-05
  step=   80  loss=3.5129  ema=3.5959  lr=4.92e-05
  step=  100  loss=3.4739  ema=3.5602  lr=6.12e-05
  step=  120  loss=3.4300  ema=3.5222  lr=7.32e-05
  step=  140  loss=3.3693  ema=3.4804  lr=8.52e-05
  step=  160  loss=3.2734  ema=3.4269  lr=9.72e-05
  step=  180  loss=3.1824  ema=3.3589  lr=1.09e-04
  step=  200  loss=3.1385  ema=3.2891  lr=1.21e-04
  step=  220  loss=3.0855  ema=3.2260  lr=1.33e-04
  step=  240  loss=3.0482  ema=3.1747  lr=1.45e-04
  step=  260  loss=3.0299  ema=3.1291  lr=1.57e-04
  step=  280  loss=3.0126  ema=3.0921  lr=1.69e-04
  step=  300  loss=2.9894  ema=3.0634  lr=1.81e-04
  step=  320  loss=2.9811  ema=3.0387  lr=1.93e-04
  step=  340  loss=2.9746  ema=3.0179  lr=2.05e-04
  step=  360  loss=2.9447  ema=2.9983  lr=2.17e-04
  step=  380  loss=2.9276  ema=2.9815  lr=2.29e-04
  step=  400  loss=2.9337  ema=2.9664  lr=2.41e-04
  step=  420  loss=2.9032  ema=2.9526  lr=2.53e-04
  step=  440  loss=2.9357  ema=2.9422  lr=2.65e-04
  step=  460  loss=2.9052  ema=2.9306  lr=2.77e-04
  step=  480  loss=2.9030  ema=2.9196  lr=2.89e-04
[eval step=   500] train_loss(ema)=2.9090  held_out_loss=2.8527  top1_codes=17.03%  top1_all=18.47%  top1_eos=67.17%
[eval step=  1000] train_loss(ema)=2.6605  held_out_loss=2.6153  top1_codes=22.50%  top1_all=23.17%  top1_eos=45.76%
[eval step=  1500] train_loss(ema)=2.5619  held_out_loss=2.5419  top1_codes=23.77%  top1_all=24.76%  top1_eos=58.03%
[eval step=  2000] train_loss(ema)=2.5079  held_out_loss=2.5097  top1_codes=24.34%  top1_all=25.24%  top1_eos=55.71%
[eval step=  2500] train_loss(ema)=2.4699  held_out_loss=2.4841  top1_codes=25.00%  top1_all=25.87%  top1_eos=55.17%
[eval step=  3000] train_loss(ema)=2.4383  held_out_loss=2.4705  top1_codes=25.20%  top1_all=26.08%  top1_eos=55.84%
[eval step=  3500] train_loss(ema)=2.4108  held_out_loss=2.4608  top1_codes=25.41%  top1_all=26.33%  top1_eos=57.45%
[eval step=  4000] train_loss(ema)=2.3864  held_out_loss=2.4599  top1_codes=25.23%  top1_all=26.41%  top1_eos=66.15%
[eval step=  4500] train_loss(ema)=2.3657  held_out_loss=2.4593  top1_codes=25.55%  top1_all=26.43%  top1_eos=55.80%
[eval step=  5000] train_loss(ema)=2.3437  held_out_loss=2.4623  top1_codes=25.49%  top1_all=26.42%  top1_eos=57.58%
[eval step=  5500] train_loss(ema)=2.3220  held_out_loss=2.4677  top1_codes=25.66%  top1_all=26.44%  top1_eos=52.68%
[eval step=  6000] train_loss(ema)=2.3049  held_out_loss=2.4728  top1_codes=25.61%  top1_all=26.30%  top1_eos=49.29%
[eval step=  6500] train_loss(ema)=2.2812  held_out_loss=2.4853  top1_codes=25.37%  top1_all=26.12%  top1_eos=51.38%
[eval step=  7000] train_loss(ema)=2.2642  held_out_loss=2.4940  top1_codes=25.05%  top1_all=26.00%  top1_eos=58.12%
[eval step=  7500] train_loss(ema)=2.2420  held_out_loss=2.5068  top1_codes=24.91%  top1_all=25.88%  top1_eos=58.61%
[eval step=  8000] train_loss(ema)=2.2240  held_out_loss=2.5188  top1_codes=24.77%  top1_all=25.60%  top1_eos=53.84%
[eval step=  8500] train_loss(ema)=2.2081  held_out_loss=2.5303  top1_codes=24.89%  top1_all=25.58%  top1_eos=48.88%
⏹ held-out loss 連續 8 次 eval（4000 steps）沒有改善 > 0.001，提早停在 step=8500（plateau）

=== smoke（前 500 steps）: loss[0]=3.6646 -> loss[~500]=2.8660  drop=0.7986  (亂猜 CE 基準=ln(32)=3.4657) ===
saved checkpoint (best held-out loss @ step=4500): experiments/gen_sft/results/gensft_c4_s20260911_best.pt
saved: experiments/gen_sft/results/gensft_c4_s20260911_loss_curve.png
saved: experiments/gen_sft/results/gensft_c4_s20260911_train_summary.json

=== FINAL（best checkpoint @ step=4500）===
held-out loss=2.4593  top1_codes_only=25.55%  (baseline 3.125%)  top1_all=26.43%  top1_eos=55.80%
=== done wall=321.4s  total_steps_run=8500 stopped_early=True ===
